warning: /mnt/storage/projects/durable/durable-data-suite/apps/datasetq/src/dsq-core/Cargo.toml: `default-features` is ignored for polars, since `default-features` was not specified for `workspace.dependencies.polars`, this could become a hard error in the future
warning: /mnt/storage/projects/durable/durable-data-suite/apps/datasetq/src/dsq-functions/Cargo.toml: `default-features` is ignored for polars, since `default-features` was not specified for `workspace.dependencies.polars`, this could become a hard error in the future
warning: /mnt/storage/projects/durable/durable-data-suite/apps/datasetq/src/dsq-filter/Cargo.toml: `default-features` is ignored for polars, since `default-features` was not specified for `workspace.dependencies.polars`, this could become a hard error in the future
warning: /mnt/storage/projects/durable/durable-data-suite/apps/datasetq/src/dsq-shared/Cargo.toml: `default-features` is ignored for polars, since `default-features` was not specified for `workspace.dependencies.polars`, this could become a hard error in the future
warning: /mnt/storage/projects/durable/durable-data-suite/apps/datasetq/Cargo.toml: `default-features` is ignored for polars, since `default-features` was not specified for `workspace.dependencies.polars`, this could become a hard error in the future
warning: /mnt/storage/projects/durable/durable-data-suite/apps/datasetq/Cargo.toml: `default-features` is ignored for zstd-sys, since `default-features` was not specified for `workspace.dependencies.zstd-sys`, this could become a hard error in the future
warning: /mnt/storage/projects/durable/durable-data-suite/apps/datasetq/src/dsq-formats/Cargo.toml: `default-features` is ignored for polars, since `default-features` was not specified for `workspace.dependencies.polars`, this could become a hard error in the future
    Blocking waiting for file lock on build directory
   Compiling tokio-rustls v0.26.4
   Compiling hyper-rustls v0.27.7
   Compiling reqwest v0.12.25
   Compiling object_store v0.12.4
   Compiling polars-error v0.51.0
   Compiling polars-utils v0.51.0
   Compiling polars-schema v0.51.0
   Compiling polars-arrow v0.51.0
   Compiling polars-compute v0.51.0
   Compiling polars-dtype v0.51.0
   Compiling polars-row v0.51.0
   Compiling polars-parquet v0.51.0
   Compiling polars-json v0.51.0
   Compiling polars-core v0.51.0
